// Jest Snapshot v1, https://goo.gl/fbAQLP

exports[`QuickTopUpPanel Component Component Rendering should have consistent structure 1`] = `
<div
  className="gluestack-card"
  data-testid="Card"
  ref={null}
>
  <div
    className="gluestack-vstack"
    data-testid="VStack"
    ref={null}
    space="lg"
  >
    <div
      className="gluestack-spinner"
      data-testid="Spinner"
      ref={null}
      size="large"
    />
    <div
      className="gluestack-text"
      data-testid="Text"
      ref={null}
    >
      Loading packages...
    </div>
  </div>
</div>
`;
